2026-06-06 10:00:58.307 [info] To enable debug logging, run "GitLens: Enable Debug Logging" or "Developer: Set Log Level..." from the Command Palette
2026-06-06 10:00:58.307 [info]    [            1] GitLens v18.0.0  activating in Visual Studio Code (1.123.0) on the desktop; mode=production,language='en', logLevel='info', defaultDateLocale='null' (vscode|3316860e6d6aef0ae7934e78d9bf129f4bb1b630c9859cff5a1661479f343b5d|5490a5db-7fcc-4793-9d08-44b02a1c63221780711253677)
2026-06-06 10:00:58.307 [info]    [   66 →    69] GlCliGitProvider.onDidOpenRepository(e=file:///g%3A/VM%20FOLDER/AppleALC.worktrees/agents-sad-roundworm, source=scm) repository=<unknown>; deferring to getOrOpenRepository
2026-06-06 10:00:58.307 [info]    [            1] GitLens v18.0.0 activated [70ms]
2026-06-06 10:00:58.307 [info]    [   65 →    66] GlCliGitProvider.findGit Git (2.54.0.windows.1) found in C:\Program Files\Git\cmd\git.exe [132ms]
2026-06-06 10:00:58.307 [info]    [   65 →    90] GlCliGitProvider.repositorySearch(g:\VM FOLDER\AppleALC.worktrees\agents-sad-roundworm) searching (depth=1)...
2026-06-06 10:00:58.307 [info]    [GIT      94ms] [g:\VM FOLDER\AppleALC.worktrees\agents-sad-roundworm] git rev-parse --show-toplevel --git-dir --git-common-dir --show-superproject-working-tree [94ms]
2026-06-06 10:00:58.307 [info]    [IPC          ] CLI capability published on http://127.0.0.1:29639
2026-06-06 10:00:58.307 [info]    [   65 →    90] GlCliGitProvider.repositorySearch(g:\VM FOLDER\AppleALC.worktrees\agents-sad-roundworm) found root repository in 'g:\VM FOLDER\AppleALC.worktrees\agents-sad-roundworm'
2026-06-06 10:00:58.543 [info]    [   64 →    65] GlCliGitProvider.discoverRepositories auto-opening 1 discovered repo(s) in SCM (autoRepositoryDetection=true)
2026-06-06 10:00:58.574 [info]    [GIT      27ms] [g:/VM FOLDER/AppleALC.worktrees/agents-sad-roundworm] git remote -v [27ms]
2026-06-06 10:00:58.765 [info]    [GIT     191ms] [g:/VM FOLDER/AppleALC] git rev-parse --show-toplevel --git-dir --git-common-dir --show-superproject-working-tree [191ms]
2026-06-06 10:00:58.766 [info]    [GIT     207ms] [g:\VM FOLDER\AppleALC.worktrees\agents-sad-roundworm] git rev-parse --show-toplevel --git-dir --git-common-dir --show-superproject-working-tree [207ms]
2026-06-06 10:00:58.989 [info]    [GIT     211ms] [g:/VM FOLDER/AppleALC.worktrees/agents-sad-roundworm] git rev-parse --show-toplevel --git-dir --git-common-dir --show-superproject-working-tree [211ms]
2026-06-06 10:00:59.021 [info]    [GIT      32ms] [g:/VM FOLDER/AppleALC.worktrees/agents-sad-roundworm] git config --get -f g:\VM FOLDER\AppleALC\.git\gk\config gk.defaultRemote [32ms]
2026-06-06 10:01:03.502 [warning] [   7d →   102] GkCliIntegrationProvider.checkCliUpdateRequired completed [*2619ms] (slow)
2026-06-06 10:01:03.502 [info]    [CLI          ] CLI core version is 3.1.67
2026-06-06 10:01:03.817 [error]   [GIT          ] [g:\VM FOLDER\AppleALC\.git\worktrees\agents-sad-roundworm] git rev-parse --show-toplevel --git-dir --git-common-dir --show-superproject-working-tree · this operation must be run in a work tree [22ms]
2026-06-06 10:01:03.844 [info]    [GIT      26ms] [g:\VM FOLDER\AppleALC\.git\worktrees\agents-sad-roundworm] git rev-parse --is-bare-repository [26ms]
2026-06-06 10:01:03.870 [error]   [GIT          ] [g:\VM FOLDER\AppleALC\.git\worktrees] git rev-parse --show-toplevel --git-dir --git-common-dir --show-superproject-working-tree · this operation must be run in a work tree [25ms]
2026-06-06 10:01:03.893 [info]    [GIT      22ms] [g:\VM FOLDER\AppleALC\.git\worktrees] git rev-parse --is-bare-repository [22ms]
2026-06-06 10:01:03.914 [error]   [GIT          ] [g:\VM FOLDER\AppleALC\.git] git rev-parse --show-toplevel --git-dir --git-common-dir --show-superproject-working-tree · this operation must be run in a work tree [21ms]
2026-06-06 10:01:03.935 [info]    [GIT      20ms] [g:\VM FOLDER\AppleALC\.git] git rev-parse --is-bare-repository [20ms]
2026-06-06 10:01:03.963 [info]    [GIT      28ms] [g:\VM FOLDER\AppleALC] git rev-parse --show-toplevel --git-dir --git-common-dir --show-superproject-working-tree [28ms]
2026-06-06 10:01:03.965 [info]    [  132 →   133] GitProviderService.getOrOpenRepository Repository found in 'file:///g:/VM FOLDER/AppleALC'
2026-06-06 10:01:03.988 [info]    [GIT      22ms] [g:/VM FOLDER/AppleALC] git ls-files -- .git/worktrees/agents-sad-roundworm/COMMIT_EDITMSG [22ms]
2026-06-06 10:01:04.010 [info]    [GIT      21ms] [g:/VM FOLDER/AppleALC/.git/worktrees/agents-sad-roundworm] git ls-files -- COMMIT_EDITMSG [21ms]
2026-06-06 10:01:33.572 [info]    [GIT      25ms] [g:/VM FOLDER/AppleALC] git rev-list --max-parents=0 HEAD -- [25ms]
2026-06-06 10:01:33.574 [info]    [GIT      21ms] [g:/VM FOLDER/AppleALC.worktrees/agents-sad-roundworm] git remote -v [21ms]
2026-06-06 10:01:33.579 [info]    [GIT      32ms] [g:/VM FOLDER/AppleALC] git shortlog -s --all --no-min-parents --since=1.year.ago [32ms]
2026-06-06 10:01:33.598 [info]    [GIT      20ms] [g:/VM FOLDER/AppleALC] git config --get-regex -f g:\VM FOLDER\AppleALC\.git\gk\config ^branch\..*\.gk-(last-(accessed|modified)|disposition|agent-last-activity)$ [20ms]
2026-06-06 10:01:33.599 [info]    [GIT      24ms] [g:/VM FOLDER/AppleALC] git for-each-ref --format=%1E%(HEAD)%1D%(refname)%1D%(objectname)%1D%(*objectname)%1D%(upstream)%1D%(upstream:track)%1D%(committerdate:iso8601)%1D%(creatordate:iso8601)%1D%(authordate:iso8601)%1D%(subject)%1D%(worktreepath)%1D refs/heads/ refs/remotes/ refs/tags/ [24ms]
2026-06-06 10:01:34.535 [info]    [  19d →   19e] LocalSharedGkStorageLocationProvider.load Using shared GK path: C:\Users\johnm\AppData\Local\gk
2026-06-06 10:02:07.340 [info]    [GIT      33ms] [g:/VM FOLDER/AppleALC.worktrees/agents-sad-roundworm] git ls-files -- Changelog.md [33ms]
2026-06-06 10:02:07.365 [info]    [GIT      24ms] [g:/VM FOLDER/AppleALC.worktrees/agents-sad-roundworm] git config --get-regex ^user\.(name|email)$ [24ms]
2026-06-06 10:02:07.389 [info]    [GIT      23ms] [g:/VM FOLDER/AppleALC.worktrees/agents-sad-roundworm] git check-mailmap johnmcnicholas-arch <johnmcnicholas@live.com> [23ms]
2026-06-06 10:02:07.392 [info]    [GIT:→1       ] (spawn) [g:/VM FOLDER/AppleALC.worktrees/agents-sad-roundworm] git blame --root --incremental --encoding=utf-8 a822e7c7e8f301bbedd60cca631789acd437ba24 -- Changelog.md · starting...
2026-06-06 10:02:07.438 [info]    [GIT:←1   48ms] (spawn) [g:/VM FOLDER/AppleALC.worktrees/agents-sad-roundworm] git blame --root --incremental --encoding=utf-8 a822e7c7e8f301bbedd60cca631789acd437ba24 -- Changelog.md [48ms]
2026-06-06 10:02:07.592 [warning] [  1ce →   1cf] LineAnnotationController.refresh • pull request queries took too long (over 100 ms)
2026-06-06 10:02:07.623 [info]    [GIT      35ms] [g:/VM FOLDER/AppleALC.worktrees/agents-sad-roundworm] git log --format=%x1E%H%x1D%aN%x1D%aE%x1D%at%x1D%cN%x1D%cE%x1D%ct%x1D%P%x1D%D%x1D%B%x1D --numstat --raw -M --use-mailmap -m --no-min-parents -n1 a822e7c7e8f301bbedd60cca631789acd437ba24 -- [35ms]
2026-06-06 10:02:07.624 [warning] [  1d3 →   1d4] StatusBarController.updateBlame • pull request query took too long (over 100 ms)
2026-06-06 10:02:14.346 [info]    [GIT      25ms] [g:/VM FOLDER/AppleALC.worktrees/agents-sad-roundworm] git ls-files -- Resources/ALC898/Info.plist [25ms]
2026-06-06 10:02:14.349 [info]    [GIT:→2       ] (spawn) [g:/VM FOLDER/AppleALC.worktrees/agents-sad-roundworm] git blame --root --incremental --encoding=utf-8 dce81881f228f7cd68a2f44bb6c3d2dee931d885 -- Resources/ALC898/Info.plist · starting...
2026-06-06 10:02:14.363 [info]    [GIT      23ms] [g:/VM FOLDER/AppleALC.worktrees/agents-sad-roundworm] git ls-files -- Resources/ALC898/Platforms64.xml [23ms]
2026-06-06 10:02:14.382 [info]    [GIT:←2   35ms] (spawn) [g:/VM FOLDER/AppleALC.worktrees/agents-sad-roundworm] git blame --root --incremental --encoding=utf-8 dce81881f228f7cd68a2f44bb6c3d2dee931d885 -- Resources/ALC898/Info.plist [35ms]
2026-06-06 10:02:14.503 [warning] [  23a →   23b] LineAnnotationController.refresh • pull request queries took too long (over 100 ms)
2026-06-06 10:02:14.503 [warning] [  23f →   240] StatusBarController.updateBlame • pull request query took too long (over 100 ms)
2026-06-06 10:02:14.513 [info]    [GIT      29ms] [g:/VM FOLDER/AppleALC.worktrees/agents-sad-roundworm] git log --format=%x1E%H%x1D%aN%x1D%aE%x1D%at%x1D%cN%x1D%cE%x1D%ct%x1D%P%x1D%D%x1D%B%x1D --numstat --raw -M --use-mailmap -m --no-min-parents -n1 dce81881f228f7cd68a2f44bb6c3d2dee931d885 -- [29ms]
2026-06-06 10:02:16.276 [info]    [GIT      25ms] [g:/VM FOLDER/AppleALC.worktrees/agents-sad-roundworm] git ls-files -- Resources/ALC892/Info.plist [25ms]
2026-06-06 10:02:16.279 [info]    [GIT:→3       ] (spawn) [g:/VM FOLDER/AppleALC.worktrees/agents-sad-roundworm] git blame --root --incremental --encoding=utf-8 6ee095652c06433b980740f1d3328f331787090f -- Resources/ALC892/Info.plist · starting...
2026-06-06 10:02:16.314 [info]    [GIT:←3   37ms] (spawn) [g:/VM FOLDER/AppleALC.worktrees/agents-sad-roundworm] git blame --root --incremental --encoding=utf-8 6ee095652c06433b980740f1d3328f331787090f -- Resources/ALC892/Info.plist [37ms]
2026-06-06 10:02:16.424 [warning] [  283 →   284] LineAnnotationController.refresh • pull request queries took too long (over 100 ms)
2026-06-06 10:02:16.425 [warning] [  288 →   289] StatusBarController.updateBlame • pull request query took too long (over 100 ms)
2026-06-06 10:02:16.442 [info]    [GIT      26ms] [g:/VM FOLDER/AppleALC.worktrees/agents-sad-roundworm] git log --format=%x1E%H%x1D%aN%x1D%aE%x1D%at%x1D%cN%x1D%cE%x1D%ct%x1D%P%x1D%D%x1D%B%x1D --numstat --raw -M --use-mailmap -m --no-min-parents -n1 6ee095652c06433b980740f1d3328f331787090f -- [26ms]
2026-06-06 10:02:18.950 [info]    [GIT      25ms] [g:/VM FOLDER/AppleALC.worktrees/agents-sad-roundworm] git ls-files -- Resources/ALC897/Info.plist [25ms]
2026-06-06 10:02:18.964 [info]    [GIT      22ms] [g:/VM FOLDER/AppleALC.worktrees/agents-sad-roundworm] git ls-files -- Resources/ALC897/Platforms31.xml [22ms]
2026-06-06 10:02:18.966 [info]    [GIT:→4       ] (spawn) [g:/VM FOLDER/AppleALC.worktrees/agents-sad-roundworm] git blame --root --incremental --encoding=utf-8 f4d66f9bfe3914a14d0ac203b2e4ed0cb47960be -- Resources/ALC897/Platforms31.xml · starting...
2026-06-06 10:02:18.989 [info]    [GIT:←4   25ms] (spawn) [g:/VM FOLDER/AppleALC.worktrees/agents-sad-roundworm] git blame --root --incremental --encoding=utf-8 f4d66f9bfe3914a14d0ac203b2e4ed0cb47960be -- Resources/ALC897/Platforms31.xml [25ms]
2026-06-06 10:02:18.992 [info]    [GIT:→5       ] (spawn) [g:/VM FOLDER/AppleALC.worktrees/agents-sad-roundworm] git blame --root --incremental --encoding=utf-8 f4d66f9bfe3914a14d0ac203b2e4ed0cb47960be -- Resources/ALC897/Info.plist · starting...
2026-06-06 10:02:19.016 [info]    [GIT:←5   26ms] (spawn) [g:/VM FOLDER/AppleALC.worktrees/agents-sad-roundworm] git blame --root --incremental --encoding=utf-8 f4d66f9bfe3914a14d0ac203b2e4ed0cb47960be -- Resources/ALC897/Info.plist [26ms]
2026-06-06 10:02:19.127 [warning] [  2f2 →   2f3] LineAnnotationController.refresh • pull request queries took too long (over 100 ms)
2026-06-06 10:02:19.127 [warning] [  2f7 →   2f8] StatusBarController.updateBlame • pull request query took too long (over 100 ms)
2026-06-06 10:02:19.146 [info]    [GIT      28ms] [g:/VM FOLDER/AppleALC.worktrees/agents-sad-roundworm] git log --format=%x1E%H%x1D%aN%x1D%aE%x1D%at%x1D%cN%x1D%cE%x1D%ct%x1D%P%x1D%D%x1D%B%x1D --numstat --raw -M --use-mailmap -m --no-min-parents -n1 f4d66f9bfe3914a14d0ac203b2e4ed0cb47960be -- [28ms]
2026-06-06 10:02:24.639 [info]    [GIT      24ms] [g:/VM FOLDER/AppleALC.worktrees/agents-sad-roundworm] git ls-files -- .vscode/settings.json [24ms]
2026-06-06 10:02:24.641 [info]    [GIT:→6       ] (spawn) [g:/VM FOLDER/AppleALC.worktrees/agents-sad-roundworm] git blame --root --incremental --encoding=utf-8 -- .vscode/settings.json · starting...
2026-06-06 10:02:24.664 [info]    [GIT:←6   25ms] (spawn) [g:/VM FOLDER/AppleALC.worktrees/agents-sad-roundworm] git blame --root --incremental --encoding=utf-8 -- .vscode/settings.json [25ms]
2026-06-06 10:02:24.673 [info]    [GIT:→7       ] (spawn) [g:/VM FOLDER/AppleALC.worktrees/agents-sad-roundworm] git blame --root --incremental --encoding=utf-8 HEAD -- .vscode/settings.json · starting...
2026-06-06 10:02:24.694 [error]   [GIT          ] [g:/VM FOLDER/AppleALC.worktrees/agents-sad-roundworm] git show --textconv HEAD:./.vscode/settings.json -- · bad revision 'HEAD:./.vscode/settings.json' [28ms]
2026-06-06 10:02:24.694 [error] Error: Unable to show '.vscode/settings.json' at revision 'HEAD' because the specified revision is invalid   [  329 →   32a] RevisionGitSubProvider.getRevisionContent — failed [29ms]
2026-06-06 10:02:24.696 [error]   [GIT:←7       ] (spawn) [g:/VM FOLDER/AppleALC.worktrees/agents-sad-roundworm] git blame --root --incremental --encoding=utf-8 HEAD -- .vscode/settings.json · no such path .vscode/settings.json in HEAD [24ms]
2026-06-06 10:02:24.696 [info]    [GIT      27ms] [g:/VM FOLDER/AppleALC.worktrees/agents-sad-roundworm] git status --porcelain=v2 --branch -u --find-renames -- [27ms]
2026-06-06 10:02:24.729 [error]   [GIT          ] [g:/VM FOLDER/AppleALC.worktrees/agents-sad-roundworm] git log --format=%x1E%H%x1D -n2 -L1,1:.vscode/settings.json · There is no path .vscode/settings.json in the commit [32ms]
2026-06-06 10:02:24.729 [error] Error: fatal: There is no path .vscode/settings.json in the commit   [  332 →   337] DiffGitSubProvider.getPreviousComparisonUrisForRange 
2026-06-06 10:02:24.729 [error] Error: fatal: There is no path .vscode/settings.json in the commit   [  332 →   337] DiffGitSubProvider.getPreviousComparisonUrisForRange — failed [61ms]
2026-06-06 10:03:28.257 [info]    [GIT      21ms] [g:/VM FOLDER/AppleALC.worktrees/agents-sad-roundworm] git config --get -f g:\VM FOLDER\AppleALC\.git\gk\config branch.agents/sad-roundworm.gk-last-accessed [21ms]
2026-06-06 10:03:28.281 [info]    [GIT      23ms] [g:/VM FOLDER/AppleALC.worktrees/agents-sad-roundworm] git config -f g:\VM FOLDER\AppleALC\.git\gk\config branch.agents/sad-roundworm.gk-last-accessed 2026-06-06T02:03:28.236Z [23ms]
2026-06-06 10:03:34.039 [info]    [GIT      23ms] [g:/VM FOLDER/AppleALC.worktrees/agents-sad-roundworm] git config --get -f g:\VM FOLDER\AppleALC\.git\gk\config branch.agents/sad-roundworm.gk-last-accessed [23ms]
2026-06-06 10:03:34.060 [info]    [GIT      21ms] [g:/VM FOLDER/AppleALC.worktrees/agents-sad-roundworm] git config --get -f g:\VM FOLDER\AppleALC\.git\gk\config branch.agents/sad-roundworm.gk-last-modified [21ms]
2026-06-06 10:03:34.082 [info]    [GIT      21ms] [g:/VM FOLDER/AppleALC.worktrees/agents-sad-roundworm] git config -f g:\VM FOLDER\AppleALC\.git\gk\config branch.agents/sad-roundworm.gk-last-modified 2026-06-06T02:03:34.016Z [21ms]
2026-06-06 10:05:23.569 [info]    [GIT      22ms] [g:/VM FOLDER/AppleALC.worktrees/agents-sad-roundworm] git diff --no-ext-diff --minimal -U0 -M --diff-filter=MRC -- .vscode/settings.json [22ms]
2026-06-06 10:05:23.573 [info]    [GIT      30ms] [g:/VM FOLDER/AppleALC.worktrees/agents-sad-roundworm] git status --porcelain=v2 --branch -u --find-renames -- [30ms]
2026-06-06 10:05:23.593 [info]    [GIT      22ms] [g:/VM FOLDER/AppleALC.worktrees/agents-sad-roundworm] git diff --no-ext-diff --minimal -U0 -M --diff-filter=MRC --staged -- .vscode/settings.json [22ms]
2026-06-06 10:05:23.594 [error]   [GIT          ] [g:/VM FOLDER/AppleALC.worktrees/agents-sad-roundworm] git log --format=%x1E%H%x1D -n2 -L1,1:.vscode/settings.json · There is no path .vscode/settings.json in the commit [21ms]
2026-06-06 10:05:23.595 [error] Error: fatal: There is no path .vscode/settings.json in the commit   [  382 →   387] DiffGitSubProvider.getPreviousComparisonUrisForRange 
2026-06-06 10:05:23.595 [error] Error: fatal: There is no path .vscode/settings.json in the commit   [  382 →   387] DiffGitSubProvider.getPreviousComparisonUrisForRange — failed [52ms]
2026-06-06 10:07:46.761 [info]    [GIT      24ms] [g:/VM FOLDER/AppleALC.worktrees/agents-sad-roundworm] git ls-files -- Resources/ALC897/Info.plist [24ms]
2026-06-06 10:08:00.159 [info]    [GIT      29ms] [g:/VM FOLDER/AppleALC.worktrees/agents-sad-roundworm] git status --porcelain=v2 --branch -u --find-renames -- [29ms]
2026-06-06 10:08:00.182 [error]   [GIT          ] [g:/VM FOLDER/AppleALC.worktrees/agents-sad-roundworm] git log --format=%x1E%H%x1D -n2 -L1,1:.vscode/settings.json · There is no path .vscode/settings.json in the commit [22ms]
2026-06-06 10:08:00.182 [error] Error: fatal: There is no path .vscode/settings.json in the commit   [  408 →   40c] DiffGitSubProvider.getPreviousComparisonUrisForRange 
2026-06-06 10:08:00.182 [error] Error: fatal: There is no path .vscode/settings.json in the commit   [  408 →   40c] DiffGitSubProvider.getPreviousComparisonUrisForRange — failed [52ms]
2026-06-06 10:08:02.322 [info]    [GIT      31ms] [g:/VM FOLDER/AppleALC.worktrees/agents-sad-roundworm] git log --format=%x1E%H%x1D --summary -n1 37aa8ebafa94b1da6d52436acf68f7b24aa3bcee^ -- Resources/ALC897/Info.plist [31ms]
2026-06-06 10:08:02.323 [info]    [GIT      29ms] [g:/VM FOLDER/AppleALC.worktrees/agents-sad-roundworm] git log --format=%x1E%H%x1D%aN%x1D%aE%x1D%at%x1D%cN%x1D%cE%x1D%ct%x1D%P%x1D%D%x1D%B%x1D --numstat --raw -M --use-mailmap -m --no-min-parents -n1 37aa8ebafa94b1da6d52436acf68f7b24aa3bcee -- [29ms]
2026-06-06 10:08:15.693 [info]    [GIT      28ms] [g:/VM FOLDER/AppleALC.worktrees/agents-sad-roundworm] git status --porcelain=v2 --branch -u --find-renames -- [28ms]
2026-06-06 10:08:15.715 [error]   [GIT          ] [g:/VM FOLDER/AppleALC.worktrees/agents-sad-roundworm] git log --format=%x1E%H%x1D -n2 -L1,1:.vscode/settings.json · There is no path .vscode/settings.json in the commit [22ms]
2026-06-06 10:08:15.715 [error] Error: fatal: There is no path .vscode/settings.json in the commit   [  486 →   48a] DiffGitSubProvider.getPreviousComparisonUrisForRange 
2026-06-06 10:08:15.715 [error] Error: fatal: There is no path .vscode/settings.json in the commit   [  486 →   48a] DiffGitSubProvider.getPreviousComparisonUrisForRange — failed [51ms]
2026-06-06 10:08:40.791 [info]    [GIT      26ms] [g:/VM FOLDER/AppleALC.worktrees/agents-sad-roundworm] git status --porcelain=v2 --branch -u --find-renames -- [26ms]
2026-06-06 10:08:40.813 [error]   [GIT          ] [g:/VM FOLDER/AppleALC.worktrees/agents-sad-roundworm] git log --format=%x1E%H%x1D -n2 -L1,1:.vscode/settings.json · There is no path .vscode/settings.json in the commit [21ms]
2026-06-06 10:08:40.813 [error] Error: fatal: There is no path .vscode/settings.json in the commit   [  4af →   4b3] DiffGitSubProvider.getPreviousComparisonUrisForRange 
2026-06-06 10:08:40.813 [error] Error: fatal: There is no path .vscode/settings.json in the commit   [  4af →   4b3] DiffGitSubProvider.getPreviousComparisonUrisForRange — failed [49ms]
2026-06-06 10:09:15.714 [info]    [GIT      29ms] [g:/VM FOLDER/AppleALC.worktrees/agents-sad-roundworm] git ls-files -- Changelog.md [29ms]
2026-06-06 10:09:19.873 [info]    [GIT      25ms] [g:/VM FOLDER/AppleALC.worktrees/agents-sad-roundworm] git ls-files -- Resources/ALC256/Info.plist [25ms]
2026-06-06 10:09:19.875 [info]    [GIT:→8       ] (spawn) [g:/VM FOLDER/AppleALC.worktrees/agents-sad-roundworm] git blame --root --incremental --encoding=utf-8 e6277c2fcaedd27f4ac4897fac65c0569596ba24 -- Resources/ALC256/Info.plist · starting...
2026-06-06 10:09:19.913 [info]    [GIT:←8   39ms] (spawn) [g:/VM FOLDER/AppleALC.worktrees/agents-sad-roundworm] git blame --root --incremental --encoding=utf-8 e6277c2fcaedd27f4ac4897fac65c0569596ba24 -- Resources/ALC256/Info.plist [39ms]
2026-06-06 10:09:19.916 [info]    [GIT:→9       ] (spawn) [g:/VM FOLDER/AppleALC.worktrees/agents-sad-roundworm] git blame --root --incremental --encoding=utf-8 e6277c2fcaedd27f4ac4897fac65c0569596ba24 -- Changelog.md · starting...
2026-06-06 10:09:19.966 [info]    [GIT:←9   52ms] (spawn) [g:/VM FOLDER/AppleALC.worktrees/agents-sad-roundworm] git blame --root --incremental --encoding=utf-8 e6277c2fcaedd27f4ac4897fac65c0569596ba24 -- Changelog.md [52ms]
2026-06-06 10:09:20.071 [warning] [  561 →   562] LineAnnotationController.refresh • pull request queries took too long (over 100 ms)
2026-06-06 10:09:20.071 [warning] [  566 →   567] StatusBarController.updateBlame • pull request query took too long (over 100 ms)
2026-06-06 10:09:20.097 [info]    [GIT      28ms] [g:/VM FOLDER/AppleALC.worktrees/agents-sad-roundworm] git log --format=%x1E%H%x1D%aN%x1D%aE%x1D%at%x1D%cN%x1D%cE%x1D%ct%x1D%P%x1D%D%x1D%B%x1D --numstat --raw -M --use-mailmap -m --no-min-parents -n1 e6277c2fcaedd27f4ac4897fac65c0569596ba24 -- [28ms]
2026-06-06 10:09:32.916 [info]    [GIT      23ms] [g:/VM FOLDER/AppleALC.worktrees/agents-sad-roundworm] git ls-files -- AppleALC.xcodeproj/project.pbxproj [23ms]
2026-06-06 10:09:32.919 [info]    [GIT:→10      ] (spawn) [g:/VM FOLDER/AppleALC.worktrees/agents-sad-roundworm] git blame --root --incremental --encoding=utf-8 b31765eb65de5536731b9fd88ead43d33ae502ef -- AppleALC.xcodeproj/project.pbxproj · starting...
2026-06-06 10:09:32.957 [info]    [GIT:←10  40ms] (spawn) [g:/VM FOLDER/AppleALC.worktrees/agents-sad-roundworm] git blame --root --incremental --encoding=utf-8 b31765eb65de5536731b9fd88ead43d33ae502ef -- AppleALC.xcodeproj/project.pbxproj [40ms]
2026-06-06 10:09:33.061 [warning] [  5b1 →   5b2] LineAnnotationController.refresh • pull request queries took too long (over 100 ms)
2026-06-06 10:09:33.061 [warning] [  5b6 →   5b7] StatusBarController.updateBlame • pull request query took too long (over 100 ms)
2026-06-06 10:09:33.085 [info]    [GIT      27ms] [g:/VM FOLDER/AppleALC.worktrees/agents-sad-roundworm] git log --format=%x1E%H%x1D%aN%x1D%aE%x1D%at%x1D%cN%x1D%cE%x1D%ct%x1D%P%x1D%D%x1D%B%x1D --numstat --raw -M --use-mailmap -m --no-min-parents -n1 b31765eb65de5536731b9fd88ead43d33ae502ef -- [27ms]
2026-06-06 10:09:58.121 [error] CodeExpectedError: Unable to write into user settings. Please open the user settings to correct errors/warnings in it and try again.   [          5da] AIProviderService.sendRequest — failed [347ms]
2026-06-06 10:09:58.121 [error] CodeExpectedError: Unable to write into user settings. Please open the user settings to correct errors/warnings in it and try again.   GenerateCommitMessageCommand
2026-06-06 10:10:28.425 [info]    [GIT      22ms] [g:/VM FOLDER/AppleALC.worktrees/agents-sad-roundworm] git ls-files -- Changelog.md [22ms]
2026-06-06 10:10:38.148 [info]    [GIT:→11      ] (spawn) [g:/VM FOLDER/AppleALC.worktrees/agents-sad-roundworm] git blame --root --incremental --encoding=utf-8 -- Changelog.md · starting...
2026-06-06 10:10:38.302 [info]    [GIT:←11 156ms] (spawn) [g:/VM FOLDER/AppleALC.worktrees/agents-sad-roundworm] git blame --root --incremental --encoding=utf-8 -- Changelog.md [156ms]
2026-06-06 10:10:38.338 [info]    [GIT      28ms] [g:/VM FOLDER/AppleALC.worktrees/agents-sad-roundworm] git log --format=%x1E%H%x1D%aN%x1D%aE%x1D%at%x1D%cN%x1D%cE%x1D%ct%x1D%P%x1D%D%x1D%B%x1D --numstat --raw -M --use-mailmap -m --no-min-parents -n1 a822e7c7e8f301bbedd60cca631789acd437ba24 -- [28ms]
2026-06-06 10:10:38.340 [info]    [GIT      35ms] [g:/VM FOLDER/AppleALC.worktrees/agents-sad-roundworm] git show --textconv HEAD:./Changelog.md -- [35ms]
2026-06-06 10:10:51.654 [info]    [GIT      25ms] [g:/VM FOLDER/AppleALC.worktrees/agents-sad-roundworm] git log --format=%x1E%H%x1D --summary --reverse --ancestry-path a822e7c7e8f301bbedd60cca631789acd437ba24..HEAD --follow -- Changelog.md [25ms]
2026-06-06 10:10:51.680 [info]    [GIT      25ms] [g:/VM FOLDER/AppleALC.worktrees/agents-sad-roundworm] git status --porcelain=v2 --branch -u --find-renames -- [25ms]
2026-06-06 10:10:51.703 [info]    [GIT      22ms] [g:/VM FOLDER/AppleALC.worktrees/agents-sad-roundworm] git log --format=%x1E%H%x1D --summary -n1 a822e7c7e8f301bbedd60cca631789acd437ba24 -- Changelog.md [22ms]
2026-06-06 10:10:51.768 [info]    [GIT      38ms] [g:/VM FOLDER/AppleALC.worktrees/agents-sad-roundworm] git ls-tree -l a822e7c7e8f301bbedd60cca631789acd437ba24 -- Changelog.md [38ms]
2026-06-06 10:10:51.839 [info]    [GIT     112ms] [g:/VM FOLDER/AppleALC.worktrees/agents-sad-roundworm] git show --textconv a822e7c7e8f301bbedd60cca631789acd437ba24:./Changelog.md -- [112ms]
2026-06-06 10:10:51.893 [info]    [GIT      30ms] [g:/VM FOLDER/AppleALC.worktrees/agents-sad-roundworm] git log --format=%x1E%H%x1D --summary -n1 56dea588ada22ef07e9e6515639967cb83060adc^ -- Changelog.md [30ms]
2026-06-06 10:10:51.895 [info]    [GIT      34ms] [g:/VM FOLDER/AppleALC.worktrees/agents-sad-roundworm] git show --textconv HEAD:./Changelog.md -- [34ms]
2026-06-06 10:10:51.972 [info]    [GIT     106ms] [g:/VM FOLDER/AppleALC.worktrees/agents-sad-roundworm] git log --format=%x1E%H%x1D%aN%x1D%aE%x1D%at%x1D%cN%x1D%cE%x1D%ct%x1D%P%x1D%D%x1D%B%x1D --numstat --raw -M --use-mailmap -m --no-min-parents -n1 56dea588ada22ef07e9e6515639967cb83060adc -- [106ms]
2026-06-06 10:11:16.129 [info]    [GIT      24ms] [g:/VM FOLDER/AppleALC.worktrees/agents-sad-roundworm] git cat-file commit a822e7c7e8f301bbedd60cca631789acd437ba24 [24ms]
2026-06-06 10:11:16.132 [info]    [GIT      23ms] [g:/VM FOLDER/AppleALC.worktrees/agents-sad-roundworm] git diff --no-ext-diff --minimal -U0 -M --diff-filter=MRC dce81881f228f7cd68a2f44bb6c3d2dee931d885 a822e7c7e8f301bbedd60cca631789acd437ba24 -- Changelog.md [23ms]
2026-06-06 10:11:56.681 [info]    [GIT      23ms] [g:/VM FOLDER/AppleALC.worktrees/agents-sad-roundworm] git ls-files -- Changelog.md [23ms]
2026-06-06 10:33:48.989 [info]    [GIT      24ms] [g:/VM FOLDER/AppleALC.worktrees/agents-sad-roundworm] git ls-files -- Changelog.md [24ms]
2026-06-06 10:33:48.992 [info]    [GIT:→12      ] (spawn) [g:/VM FOLDER/AppleALC.worktrees/agents-sad-roundworm] git blame --root --incremental --encoding=utf-8 5d55e80218cc82e9ced4763df6970a3182ce598a -- Changelog.md · starting...
2026-06-06 10:33:49.034 [info]    [GIT:←12  44ms] (spawn) [g:/VM FOLDER/AppleALC.worktrees/agents-sad-roundworm] git blame --root --incremental --encoding=utf-8 5d55e80218cc82e9ced4763df6970a3182ce598a -- Changelog.md [44ms]
2026-06-06 10:33:49.140 [info]    [GIT     104ms] [g:/VM FOLDER/AppleALC.worktrees/agents-sad-roundworm] git log --format=%x1E%H%x1D%aN%x1D%aE%x1D%at%x1D%cN%x1D%cE%x1D%ct%x1D%P%x1D%D%x1D%B%x1D --numstat --raw -M --use-mailmap -m --no-min-parents -n1 56dea588ada22ef07e9e6515639967cb83060adc -- [104ms]
2026-06-06 10:33:52.053 [info]    [GIT      23ms] [g:/VM FOLDER/AppleALC.worktrees/agents-sad-roundworm] git ls-files -- .github/workflows/main.yml [23ms]
2026-06-06 10:33:52.055 [info]    [GIT:→13      ] (spawn) [g:/VM FOLDER/AppleALC.worktrees/agents-sad-roundworm] git blame --root --incremental --encoding=utf-8 5d55e80218cc82e9ced4763df6970a3182ce598a -- .github/workflows/main.yml · starting...
2026-06-06 10:33:52.078 [info]    [GIT:←13  24ms] (spawn) [g:/VM FOLDER/AppleALC.worktrees/agents-sad-roundworm] git blame --root --incremental --encoding=utf-8 5d55e80218cc82e9ced4763df6970a3182ce598a -- .github/workflows/main.yml [24ms]
2026-06-06 10:33:52.200 [warning] [  8dc →   8dd] LineAnnotationController.refresh • pull request queries took too long (over 100 ms)
2026-06-06 10:33:52.202 [warning] [  8e1 →   8e2] StatusBarController.updateBlame • pull request query took too long (over 100 ms)
2026-06-06 10:33:52.208 [info]    [GIT      27ms] [g:/VM FOLDER/AppleALC.worktrees/agents-sad-roundworm] git log --format=%x1E%H%x1D --summary -n1 b4ee796b0325317ae8b254c9ddaab55a1f7967b6^ -- .github/workflows/main.yml [27ms]
2026-06-06 10:33:52.208 [info]    [GIT      25ms] [g:/VM FOLDER/AppleALC.worktrees/agents-sad-roundworm] git log --format=%x1E%H%x1D%aN%x1D%aE%x1D%at%x1D%cN%x1D%cE%x1D%ct%x1D%P%x1D%D%x1D%B%x1D --numstat --raw -M --use-mailmap -m --no-min-parents -n1 b4ee796b0325317ae8b254c9ddaab55a1f7967b6 -- [25ms]
2026-06-06 10:33:56.733 [info]    [GIT:→14      ] (spawn) [g:/VM FOLDER/AppleALC.worktrees/agents-sad-roundworm] git blame --root --incremental --encoding=utf-8 a822e7c7e8f301bbedd60cca631789acd437ba24 -- Changelog.md · starting...
2026-06-06 10:33:56.779 [info]    [GIT:←14  47ms] (spawn) [g:/VM FOLDER/AppleALC.worktrees/agents-sad-roundworm] git blame --root --incremental --encoding=utf-8 a822e7c7e8f301bbedd60cca631789acd437ba24 -- Changelog.md [47ms]
2026-06-06 10:33:56.813 [info]    [GIT      32ms] [g:/VM FOLDER/AppleALC.worktrees/agents-sad-roundworm] git log --format=%x1E%H%x1D%aN%x1D%aE%x1D%at%x1D%cN%x1D%cE%x1D%ct%x1D%P%x1D%D%x1D%B%x1D --numstat --raw -M --use-mailmap -m --no-min-parents -n1 a822e7c7e8f301bbedd60cca631789acd437ba24 -- [32ms]
2026-06-06 10:34:01.829 [info]    [GIT      23ms] [g:/VM FOLDER/AppleALC.worktrees/agents-sad-roundworm] git ls-files -- Resources/ALC898/Info.plist [23ms]
2026-06-06 10:34:01.831 [info]    [GIT:→15      ] (spawn) [g:/VM FOLDER/AppleALC.worktrees/agents-sad-roundworm] git blame --root --incremental --encoding=utf-8 dce81881f228f7cd68a2f44bb6c3d2dee931d885 -- Resources/ALC898/Info.plist · starting...
2026-06-06 10:34:01.863 [info]    [GIT:←15  33ms] (spawn) [g:/VM FOLDER/AppleALC.worktrees/agents-sad-roundworm] git blame --root --incremental --encoding=utf-8 dce81881f228f7cd68a2f44bb6c3d2dee931d885 -- Resources/ALC898/Info.plist [33ms]
2026-06-06 10:34:01.892 [info]    [GIT      27ms] [g:/VM FOLDER/AppleALC.worktrees/agents-sad-roundworm] git log --format=%x1E%H%x1D%aN%x1D%aE%x1D%at%x1D%cN%x1D%cE%x1D%ct%x1D%P%x1D%D%x1D%B%x1D --numstat --raw -M --use-mailmap -m --no-min-parents -n1 dce81881f228f7cd68a2f44bb6c3d2dee931d885 -- [27ms]
2026-06-06 10:34:04.893 [info]    [GIT      23ms] [g:/VM FOLDER/AppleALC.worktrees/agents-sad-roundworm] git ls-files -- Resources/ALC892/Info.plist [23ms]
2026-06-06 10:34:04.895 [info]    [GIT:→16      ] (spawn) [g:/VM FOLDER/AppleALC.worktrees/agents-sad-roundworm] git blame --root --incremental --encoding=utf-8 6ee095652c06433b980740f1d3328f331787090f -- Resources/ALC892/Info.plist · starting...
2026-06-06 10:34:04.928 [info]    [GIT:←16  34ms] (spawn) [g:/VM FOLDER/AppleALC.worktrees/agents-sad-roundworm] git blame --root --incremental --encoding=utf-8 6ee095652c06433b980740f1d3328f331787090f -- Resources/ALC892/Info.plist [34ms]
2026-06-06 10:34:04.954 [info]    [GIT      25ms] [g:/VM FOLDER/AppleALC.worktrees/agents-sad-roundworm] git log --format=%x1E%H%x1D%aN%x1D%aE%x1D%at%x1D%cN%x1D%cE%x1D%ct%x1D%P%x1D%D%x1D%B%x1D --numstat --raw -M --use-mailmap -m --no-min-parents -n1 6ee095652c06433b980740f1d3328f331787090f -- [25ms]
2026-06-06 10:37:05.912 [info]    [GIT      23ms] [g:/VM FOLDER/AppleALC.worktrees/agents-sad-roundworm] git remote -v [23ms]
2026-06-06 10:37:05.935 [info]    [GIT      22ms] [g:/VM FOLDER/AppleALC.worktrees/agents-sad-roundworm] git config --get -f g:\VM FOLDER\AppleALC\.git\gk\config gk.defaultRemote [22ms]
2026-06-06 10:37:20.383 [info]    [GIT      26ms] [g:/VM FOLDER/AppleALC.worktrees/agents-sad-roundworm] git ls-files -- Changelog.md [26ms]
2026-06-06 10:37:20.386 [info]    [GIT:→17      ] (spawn) [g:/VM FOLDER/AppleALC.worktrees/agents-sad-roundworm] git blame --root --incremental --encoding=utf-8 e6277c2fcaedd27f4ac4897fac65c0569596ba24 -- Changelog.md · starting...
2026-06-06 10:37:20.437 [info]    [GIT:←17  53ms] (spawn) [g:/VM FOLDER/AppleALC.worktrees/agents-sad-roundworm] git blame --root --incremental --encoding=utf-8 e6277c2fcaedd27f4ac4897fac65c0569596ba24 -- Changelog.md [53ms]
2026-06-06 10:37:20.474 [info]    [GIT      31ms] [g:/VM FOLDER/AppleALC] git config --get-regex -f g:\VM FOLDER\AppleALC\.git\gk\config ^branch\..*\.gk-(last-(accessed|modified)|disposition|agent-last-activity)$ [31ms]
2026-06-06 10:37:20.477 [info]    [GIT      37ms] [g:/VM FOLDER/AppleALC] git for-each-ref --format=%1E%(HEAD)%1D%(refname)%1D%(objectname)%1D%(*objectname)%1D%(upstream)%1D%(upstream:track)%1D%(committerdate:iso8601)%1D%(creatordate:iso8601)%1D%(authordate:iso8601)%1D%(subject)%1D%(worktreepath)%1D refs/heads/ refs/remotes/ refs/tags/ [37ms]
2026-06-06 10:37:20.510 [info]    [GIT      30ms] [g:/VM FOLDER/AppleALC.worktrees/agents-sad-roundworm] git log --format=%x1E%H%x1D%aN%x1D%aE%x1D%at%x1D%cN%x1D%cE%x1D%ct%x1D%P%x1D%D%x1D%B%x1D --numstat --raw -M --use-mailmap -m --no-min-parents -n1 e6277c2fcaedd27f4ac4897fac65c0569596ba24 -- [30ms]
2026-06-06 10:37:21.663 [info]    [GIT      24ms] [g:/VM FOLDER/AppleALC.worktrees/agents-sad-roundworm] git cat-file commit e6277c2fcaedd27f4ac4897fac65c0569596ba24 [24ms]
2026-06-06 10:37:21.667 [info]    [GIT      23ms] [g:/VM FOLDER/AppleALC.worktrees/agents-sad-roundworm] git diff --no-ext-diff --minimal -U0 -M --diff-filter=MRC a3cc2fdb44e0511abe3052221b22ac8a62b98ded e6277c2fcaedd27f4ac4897fac65c0569596ba24 -- Changelog.md [23ms]
2026-06-06 10:37:24.159 [info]    [GIT      24ms] [g:/VM FOLDER/AppleALC.worktrees/agents-sad-roundworm] git log --format=%x1E%H%x1D --summary -n1 56dea588ada22ef07e9e6515639967cb83060adc^ -- Changelog.md [24ms]
2026-06-06 10:37:24.237 [info]    [GIT     100ms] [g:/VM FOLDER/AppleALC.worktrees/agents-sad-roundworm] git log --format=%x1E%H%x1D%aN%x1D%aE%x1D%at%x1D%cN%x1D%cE%x1D%ct%x1D%P%x1D%D%x1D%B%x1D --numstat --raw -M --use-mailmap -m --no-min-parents -n1 56dea588ada22ef07e9e6515639967cb83060adc -- [100ms]
2026-06-06 10:37:27.871 [info]    [GIT      25ms] [g:/VM FOLDER/AppleALC.worktrees/agents-sad-roundworm] git log --format=%x1E%H%x1D --summary --reverse --ancestry-path e6277c2fcaedd27f4ac4897fac65c0569596ba24..HEAD --follow -- Changelog.md [25ms]
2026-06-06 10:37:27.894 [info]    [GIT      23ms] [g:/VM FOLDER/AppleALC.worktrees/agents-sad-roundworm] git log --format=%x1E%H%x1D --summary -n1 e6277c2fcaedd27f4ac4897fac65c0569596ba24 -- Changelog.md [23ms]
2026-06-06 10:37:27.896 [info]    [GIT      24ms] [g:/VM FOLDER/AppleALC.worktrees/agents-sad-roundworm] git log --format=%x1E%H%x1D --summary -n1 a822e7c7e8f301bbedd60cca631789acd437ba24 -- Changelog.md [24ms]
2026-06-06 10:37:27.935 [info]    [GIT      27ms] [g:/VM FOLDER/AppleALC.worktrees/agents-sad-roundworm] git show --textconv e6277c2fcaedd27f4ac4897fac65c0569596ba24:./Changelog.md -- [27ms]
2026-06-06 10:37:27.936 [info]    [GIT      26ms] [g:/VM FOLDER/AppleALC.worktrees/agents-sad-roundworm] git show --textconv a822e7c7e8f301bbedd60cca631789acd437ba24:./Changelog.md -- [26ms]
2026-06-06 10:37:27.937 [info]    [GIT      24ms] [g:/VM FOLDER/AppleALC.worktrees/agents-sad-roundworm] git ls-tree -l e6277c2fcaedd27f4ac4897fac65c0569596ba24 -- Changelog.md [24ms]
2026-06-06 10:37:27.938 [info]    [GIT      23ms] [g:/VM FOLDER/AppleALC.worktrees/agents-sad-roundworm] git ls-tree -l a822e7c7e8f301bbedd60cca631789acd437ba24 -- Changelog.md [23ms]
2026-06-06 10:37:36.112 [info]    [GIT      26ms] [g:/VM FOLDER/AppleALC.worktrees/agents-sad-roundworm] git log --format=%x1E%H%x1D%aN%x1D%aE%x1D%at%x1D%cN%x1D%cE%x1D%ct%x1D%P%x1D%D%x1D%B%x1D --numstat --raw -M --use-mailmap -m --no-min-parents -n1 a822e7c7e8f301bbedd60cca631789acd437ba24 -- [26ms]
2026-06-06 10:37:36.139 [info]    [GIT      25ms] [g:/VM FOLDER/AppleALC.worktrees/agents-sad-roundworm] git branch --format=%(refname:short) --contains=a822e7c7e8f301bbedd60cca631789acd437ba24 agents/sad-roundworm [25ms]
2026-06-06 10:37:48.337 [info]    [GIT      26ms] [g:/VM FOLDER/AppleALC.worktrees/agents-sad-roundworm] git branch --format=%(refname:short) --contains=a822e7c7e8f301bbedd60cca631789acd437ba24 agents/sad-roundworm [26ms]
2026-06-06 10:37:51.449 [info]    [GIT      26ms] [g:/VM FOLDER/AppleALC.worktrees/agents-sad-roundworm] git branch --format=%(refname:short) --contains=a822e7c7e8f301bbedd60cca631789acd437ba24 agents/sad-roundworm [26ms]
2026-06-06 10:38:05.073 [info]    [GIT      30ms] [g:/VM FOLDER/AppleALC.worktrees/agents-sad-roundworm] git ls-tree -l e6277c2fcaedd27f4ac4897fac65c0569596ba24 -- Changelog.md [30ms]
2026-06-06 10:38:05.074 [info]    [GIT      28ms] [g:/VM FOLDER/AppleALC.worktrees/agents-sad-roundworm] git ls-tree -l a822e7c7e8f301bbedd60cca631789acd437ba24 -- Changelog.md [28ms]
2026-06-06 10:38:13.890 [info]    [GIT      25ms] [g:/VM FOLDER/AppleALC.worktrees/agents-sad-roundworm] git branch --format=%(refname:short) --contains=a822e7c7e8f301bbedd60cca631789acd437ba24 agents/sad-roundworm [25ms]
2026-06-06 10:38:16.667 [info]    [GIT      25ms] [g:/VM FOLDER/AppleALC.worktrees/agents-sad-roundworm] git branch --format=%(refname:short) --contains=a822e7c7e8f301bbedd60cca631789acd437ba24 agents/sad-roundworm [25ms]
2026-06-06 10:38:18.297 [info]    [GIT      25ms] [g:/VM FOLDER/AppleALC.worktrees/agents-sad-roundworm] git branch --format=%(refname:short) --contains=a822e7c7e8f301bbedd60cca631789acd437ba24 agents/sad-roundworm [25ms]
2026-06-06 10:38:19.498 [info]    [GIT      25ms] [g:/VM FOLDER/AppleALC.worktrees/agents-sad-roundworm] git branch --format=%(refname:short) --contains=a822e7c7e8f301bbedd60cca631789acd437ba24 agents/sad-roundworm [25ms]
2026-06-06 10:38:21.795 [info]    [GIT      25ms] [g:/VM FOLDER/AppleALC.worktrees/agents-sad-roundworm] git branch --format=%(refname:short) --contains=a822e7c7e8f301bbedd60cca631789acd437ba24 agents/sad-roundworm [25ms]
2026-06-06 10:38:23.616 [info]    WebviewsController.resolveWebviewView(gitlens.views.graph|e1dc8d2e-1247-4830-bcd6-1965042c881d): hasRestoreState=false, parentVisible=true
2026-06-06 10:38:23.659 [info]    [GIT      29ms] [g:/VM FOLDER/AppleALC.worktrees/agents-sad-roundworm] git config --get core.excludesFile [29ms]
2026-06-06 10:38:23.660 [info]    [GIT      29ms] [g:/VM FOLDER/AppleALC.worktrees/agents-sad-roundworm] git stash list --format=%x1E%H%x1D%at%x1D%ct%x1D%P%x1D%gd%x1D%gs%x1D%s%x1D [29ms]
2026-06-06 10:38:23.663 [info]    [GIT      31ms] [g:/VM FOLDER/AppleALC.worktrees/agents-sad-roundworm] git log -z --format=%H -n1 a822e7c7e8f301bbedd60cca631789acd437ba24 -- [31ms]
2026-06-06 10:38:23.667 [info]    [GIT      24ms] [g:/VM FOLDER/AppleALC] git worktree list --porcelain [24ms]
2026-06-06 10:38:23.670 [info]    [GIT:→18      ] (spawn) [g:/VM FOLDER/AppleALC.worktrees/agents-sad-roundworm] git log --format=%x1E%H%x1D%aN%x1D%aE%x1D%at%x1D%ct%x1D%P%x1D%D%x1D%B%x1D --date-order --all -- · starting...
2026-06-06 10:38:23.670 [info]    [GIT      38ms] [g:/VM FOLDER/AppleALC.worktrees/agents-sad-roundworm] git diff --quiet HEAD [38ms]
2026-06-06 10:38:23.730 [info]    [GIT      59ms] [g:/VM FOLDER/AppleALC.worktrees/agents-sad-roundworm] git status --porcelain=v2 --branch -u --find-renames -- [59ms]
2026-06-06 10:38:23.736 [info]    WebviewController(gitlens.views.graph|e1dc8d2e-1247-4830-bcd6-1965042c881d): webview.html set (reason=show:loading, length=13167)
2026-06-06 10:38:23.736 [info]    [GIT:←18  68ms] (spawn) [g:/VM FOLDER/AppleALC.worktrees/agents-sad-roundworm] git log --format=%x1E%H%x1D%aN%x1D%aE%x1D%at%x1D%ct%x1D%P%x1D%D%x1D%B%x1D --date-order --all -- [68ms]
2026-06-06 10:38:23.816 [info]    WebviewController(gitlens.views.graph|e1dc8d2e-1247-4830-bcd6-1965042c881d): WebviewReadyRequest #1 (id=webview:1, clientId=wv-zgnhvn1c, clientLoadedAt=1780713503790, bootstrap=false, msgAge=0ms, sinceLastHtmlSet=78ms, wasAlreadyReady=false, replayEligible=false, replayEnabled=false, replayBufferSize=0, parentVisible=true)
2026-06-06 10:38:23.845 [info]    [GIT      29ms] [g:/VM FOLDER/AppleALC.worktrees/agents-sad-roundworm] git status --porcelain=v2 --branch -u --find-renames -- [29ms]
2026-06-06 10:38:24.192 [info]    [GIT     490ms] [g:/VM FOLDER/AppleALC.worktrees/agents-sad-roundworm] git log --format=%x1E%H%x1D --shortstat -n500 --date-order --all -- [490ms]
2026-06-06 10:38:24.333 [info]    [GIT      25ms] [g:/VM FOLDER/AppleALC.worktrees/agents-sad-roundworm] git log --format=%G?%x1D%GS%x1D%GK%x1D%GF%x1D%GP%x1D%GT%x1D%GG -1 a822e7c7e8f301bbedd60cca631789acd437ba24 [25ms]
2026-06-06 10:38:24.639 [info]    [GIT      23ms] [g:/VM FOLDER/AppleALC.worktrees/agents-sad-roundworm] git config --get-regex -f g:\VM FOLDER\AppleALC\.git\gk\config ^branch\..+\.gk-associated-issues$ [23ms]
2026-06-06 10:38:25.241 [info]    [GIT      26ms] [g:/VM FOLDER/AppleALC] git status --porcelain=v2 --branch -u --find-renames -- [26ms]
2026-06-06 10:56:33.591 [info]    [GIT      27ms] [g:/VM FOLDER/AppleALC] git status --porcelain=v2 --branch -u --find-renames -- [27ms]
2026-06-06 10:59:34.363 [info]    [GIT      27ms] [g:/VM FOLDER/AppleALC] git status --porcelain=v2 --branch -u --find-renames -- [27ms]
2026-06-06 11:11:37.549 [info]    [GIT      27ms] [g:/VM FOLDER/AppleALC] git status --porcelain=v2 --branch -u --find-renames -- [27ms]
2026-06-06 11:34:10.256 [info]    [GIT      28ms] [g:/VM FOLDER/AppleALC.worktrees/agents-sad-roundworm] git log -z --format=%H -n1 a822e7c7e8f301bbedd60cca631789acd437ba24 -- [28ms]
2026-06-06 11:34:10.260 [info]    [GIT      31ms] [g:/VM FOLDER/AppleALC.worktrees/agents-sad-roundworm] git diff --quiet HEAD [31ms]
2026-06-06 11:34:10.261 [info]    [GIT      32ms] [g:/VM FOLDER/AppleALC] git for-each-ref --format=%1E%(HEAD)%1D%(refname)%1D%(objectname)%1D%(*objectname)%1D%(upstream)%1D%(upstream:track)%1D%(committerdate:iso8601)%1D%(creatordate:iso8601)%1D%(authordate:iso8601)%1D%(subject)%1D%(worktreepath)%1D refs/heads/ refs/remotes/ refs/tags/ [32ms]
2026-06-06 11:34:10.263 [info]    [GIT      29ms] [g:/VM FOLDER/AppleALC] git worktree list --porcelain [29ms]
2026-06-06 11:34:10.264 [info]    [GIT      28ms] [g:/VM FOLDER/AppleALC.worktrees/agents-sad-roundworm] git remote -v [28ms]
2026-06-06 11:34:10.265 [info]    [GIT:→19      ] (spawn) [g:/VM FOLDER/AppleALC.worktrees/agents-sad-roundworm] git log --format=%x1E%H%x1D%aN%x1D%aE%x1D%at%x1D%ct%x1D%P%x1D%D%x1D%B%x1D --date-order --all -- · starting...
2026-06-06 11:34:10.266 [info]    [GIT      37ms] [g:/VM FOLDER/AppleALC.worktrees/agents-sad-roundworm] git status --porcelain=v2 --branch -u --find-renames -- [37ms]
2026-06-06 11:34:10.309 [info]    [GIT:←19  45ms] (spawn) [g:/VM FOLDER/AppleALC.worktrees/agents-sad-roundworm] git log --format=%x1E%H%x1D%aN%x1D%aE%x1D%at%x1D%ct%x1D%P%x1D%D%x1D%B%x1D --date-order --all -- [45ms]
2026-06-06 11:34:10.794 [info]    [GIT     494ms] [g:/VM FOLDER/AppleALC.worktrees/agents-sad-roundworm] git log --format=%x1E%H%x1D --shortstat -n500 --date-order --all -- [494ms]
2026-06-06 11:34:11.061 [info]    [GIT      27ms] [g:/VM FOLDER/AppleALC.worktrees/agents-sad-roundworm] git log --format=%x1E%H%x1D%aN%x1D%aE%x1D%at%x1D%cN%x1D%cE%x1D%ct%x1D%P%x1D%D%x1D%B%x1D --numstat --raw -M --use-mailmap -m --no-min-parents -n1 b31765eb65de5536731b9fd88ead43d33ae502ef -- [27ms]
2026-06-06 11:34:11.086 [info]    [GIT      23ms] [g:/VM FOLDER/AppleALC.worktrees/agents-sad-roundworm] git cat-file commit b31765eb65de5536731b9fd88ead43d33ae502ef [23ms]
2026-06-06 11:34:11.632 [warning] [ 142c →  1431] AzureDevOpsIntegration.searchMyPullRequests(e=undefined, t=undefined, i=true) completed [*1645ms] (slow)
2026-06-06 11:34:11.632 [warning] [ 142b →  142c] IntegrationService.getMyPullRequests(integrationIds=github,cloud-github-enterprise,gitlab,cloud-gitlab-self-hosted,azureDevOps,azure-devops-server,bitbucket,bitbucket-server) completed [*1654ms] (slow)
2026-06-06 11:34:11.632 [warning] [ 142a →  142b] LaunchpadProvider.fetchPullRequestsWithSuggestionCounts completed [*1654ms] (slow)
2026-06-06 11:34:11.632 [warning] [ 1424 →  142a] LaunchpadProvider.getPullRequestsWithSuggestionCounts(options=force=true) completed [*1654ms] (slow)
2026-06-06 11:34:11.633 [warning] [         1424] LaunchpadProvider.getCategorizedItems(options=force=true) completed [*1654ms] (slow)
2026-06-06 11:34:25.935 [info]    [GIT      28ms] [g:/VM FOLDER/AppleALC.worktrees/agents-sad-roundworm] git status --porcelain=v2 --branch -u --find-renames -- [28ms]
2026-06-06 11:34:25.960 [info]    [GIT      25ms] [g:/VM FOLDER/AppleALC.worktrees/agents-sad-roundworm] git diff --shortstat --no-ext-diff HEAD -- [25ms]
2026-06-06 11:34:26.282 [info]    [GIT      27ms] [g:/VM FOLDER/AppleALC.worktrees/agents-sad-roundworm] git status --porcelain=v2 --branch -u --find-renames -- [27ms]
2026-06-06 11:34:26.306 [info]    [GIT      24ms] [g:/VM FOLDER/AppleALC.worktrees/agents-sad-roundworm] git diff --shortstat --no-ext-diff HEAD -- [24ms]
2026-06-06 11:34:31.663 [info]    [GIT      32ms] [g:/VM FOLDER/AppleALC.worktrees/agents-sad-roundworm] git status --porcelain=v2 --branch -u --find-renames -- [32ms]
2026-06-06 11:34:31.664 [info]    [GIT      23ms] [g:/VM FOLDER/AppleALC] git config --get-regex -f g:\VM FOLDER\AppleALC\.git\gk\config ^branch\..+\.gk-merge-base$ [23ms]
2026-06-06 11:34:31.680 [info]    [GIT      35ms] [g:/VM FOLDER/AppleALC] git symbolic-ref --short refs/remotes/origin/HEAD [35ms]
2026-06-06 11:34:31.683 [info]    [GIT      23ms] [g:/VM FOLDER/AppleALC.worktrees/agents-sad-roundworm] git config --get-regex -f g:\VM FOLDER\AppleALC\.git\gk\config ^branch\..+\.gk-merge-target-user$ [23ms]
2026-06-06 11:34:31.688 [info]    [GIT      24ms] [g:/VM FOLDER/AppleALC] git rev-parse --verify --quiet --symbolic-full-name --abbrev-ref --end-of-options origin/master [24ms]
2026-06-06 11:34:31.707 [info]    [GIT      24ms] [g:/VM FOLDER/AppleALC.worktrees/agents-sad-roundworm] git config --get-regex -f g:\VM FOLDER\AppleALC\.git\gk\config ^branch\..+\.gk-merge-target$ [24ms]
2026-06-06 11:34:31.712 [info]    [GIT      23ms] [g:/VM FOLDER/AppleALC.worktrees/agents-sad-roundworm] git merge-base agents/sad-roundworm origin/master [23ms]
2026-06-06 11:34:31.714 [info]    [GIT:→20      ] (spawn) [g:/VM FOLDER/AppleALC.worktrees/agents-sad-roundworm] git log --format=%x1E%H%x1D%aN%x1D%aE%x1D%at%x1D%cN%x1D%cE%x1D%ct%x1D%P%x1D%D%x1D%B%x1D --numstat --raw -M --use-mailmap --no-min-parents -n102 b31765eb65de5536731b9fd88ead43d33ae502ef..agents/sad-roundworm -- · starting...
2026-06-06 11:34:31.729 [info]    [GIT      21ms] [g:/VM FOLDER/AppleALC.worktrees/agents-sad-roundworm] git config --get -f g:\VM FOLDER\AppleALC\.git\gk\config branch.agents/sad-roundworm.gk-target-base [21ms]
2026-06-06 11:34:31.737 [info]    [GIT:←20  24ms] (spawn) [g:/VM FOLDER/AppleALC.worktrees/agents-sad-roundworm] git log --format=%x1E%H%x1D%aN%x1D%aE%x1D%at%x1D%cN%x1D%cE%x1D%ct%x1D%P%x1D%D%x1D%B%x1D --numstat --raw -M --use-mailmap --no-min-parents -n102 b31765eb65de5536731b9fd88ead43d33ae502ef..agents/sad-roundworm -- [24ms]
2026-06-06 11:34:31.739 [info]    [GIT:→21      ] (spawn) [g:/VM FOLDER/AppleALC.worktrees/agents-sad-roundworm] git log --format=%x1E%H%x1D%aN%x1D%aE%x1D%at%x1D%cN%x1D%cE%x1D%ct%x1D%P%x1D%D%x1D%B%x1D --numstat --raw -M --use-mailmap --no-min-parents -n102 agents/sad-roundworm -- · starting...
2026-06-06 11:34:31.819 [info]    [GIT:←21  81ms] (spawn) [g:/VM FOLDER/AppleALC.worktrees/agents-sad-roundworm] git log --format=%x1E%H%x1D%aN%x1D%aE%x1D%at%x1D%cN%x1D%cE%x1D%ct%x1D%P%x1D%D%x1D%B%x1D --numstat --raw -M --use-mailmap --no-min-parents -n102 agents/sad-roundworm -- [81ms]
2026-06-06 11:34:54.661 [info]    [GIT      27ms] [g:/VM FOLDER/AppleALC.worktrees/agents-sad-roundworm] git status --porcelain=v2 --branch -u --find-renames -- [27ms]
2026-06-06 11:35:04.874 [info]    [GIT      28ms] [g:/VM FOLDER/AppleALC.worktrees/agents-sad-roundworm] git status --porcelain=v2 --branch -u --find-renames -- [28ms]
2026-06-06 11:35:06.313 [info]    [GIT      27ms] [g:/VM FOLDER/AppleALC.worktrees/agents-sad-roundworm] git status --porcelain=v2 --branch -u --find-renames -- [27ms]
2026-06-06 11:35:09.210 [info]    [GIT      27ms] [g:/VM FOLDER/AppleALC.worktrees/agents-sad-roundworm] git status --porcelain=v2 --branch -u --find-renames -- [27ms]
2026-06-06 11:35:27.896 [info]    [GIT:→22      ] (spawn) [g:/VM FOLDER/AppleALC.worktrees/agents-sad-roundworm] git log --format=%x1E%H%x1D%aN%x1D%aE%x1D%at%x1D%cN%x1D%cE%x1D%ct%x1D%P%x1D%D%x1D%B%x1D --numstat --raw -M --use-mailmap --no-min-parents -n102 b31765eb65de5536731b9fd88ead43d33ae502ef..agents/sad-roundworm -- · starting...
2026-06-06 11:35:27.918 [info]    [GIT:←22  24ms] (spawn) [g:/VM FOLDER/AppleALC.worktrees/agents-sad-roundworm] git log --format=%x1E%H%x1D%aN%x1D%aE%x1D%at%x1D%cN%x1D%cE%x1D%ct%x1D%P%x1D%D%x1D%B%x1D --numstat --raw -M --use-mailmap --no-min-parents -n102 b31765eb65de5536731b9fd88ead43d33ae502ef..agents/sad-roundworm -- [24ms]
2026-06-06 11:35:27.920 [info]    [GIT:→23      ] (spawn) [g:/VM FOLDER/AppleALC.worktrees/agents-sad-roundworm] git log --format=%x1E%H%x1D%aN%x1D%aE%x1D%at%x1D%cN%x1D%cE%x1D%ct%x1D%P%x1D%D%x1D%B%x1D --numstat --raw -M --use-mailmap --no-min-parents -n102 agents/sad-roundworm -- · starting...
2026-06-06 11:35:27.920 [info]    [GIT      29ms] [g:/VM FOLDER/AppleALC.worktrees/agents-sad-roundworm] git status --porcelain=v2 --branch -u --find-renames -- [29ms]
2026-06-06 11:35:28.003 [info]    [GIT:←23  84ms] (spawn) [g:/VM FOLDER/AppleALC.worktrees/agents-sad-roundworm] git log --format=%x1E%H%x1D%aN%x1D%aE%x1D%at%x1D%cN%x1D%cE%x1D%ct%x1D%P%x1D%D%x1D%B%x1D --numstat --raw -M --use-mailmap --no-min-parents -n102 agents/sad-roundworm -- [84ms]
2026-06-06 11:35:28.111 [info]    [GIT      26ms] [g:/VM FOLDER/AppleALC.worktrees/agents-sad-roundworm] git log --format=%x1E%H%x1D%aN%x1D%aE%x1D%at%x1D%cN%x1D%cE%x1D%ct%x1D%P%x1D%D%x1D%B%x1D --numstat --raw -M --use-mailmap -m --no-min-parents -n1 a822e7c7e8f301bbedd60cca631789acd437ba24 -- [26ms]
2026-06-06 11:35:28.196 [info]    [GIT      24ms] [g:/VM FOLDER/AppleALC.worktrees/agents-sad-roundworm] git log --format=%G?%x1D%GS%x1D%GK%x1D%GF%x1D%GP%x1D%GT%x1D%GG -1 a822e7c7e8f301bbedd60cca631789acd437ba24 [24ms]
2026-06-06 11:35:33.042 [error] CodeExpectedError: Unable to write into user settings. Please open the user settings to correct errors/warnings in it and try again.   [         17f5] AIProviderService.sendRequest — failed [327ms]
2026-06-06 11:35:33.043 [error] CodeExpectedError: Unable to write into user settings. Please open the user settings to correct errors/warnings in it and try again.   ExplainCommitCommand — execute
